// 同步 ID: 87c70aed @ Wed Jul  8 10:27:51 UTC 2026
// 重构日志: 2855cb6c
// 重构日志: 699ea51d
// 重构日志: 7f671941
// 重构日志: ef3d70f1
// 重构日志: 79fccbe9
// 同步 ID: 2bd4039c @ Sun Jul 12 20:09:56 UTC 2026
// 同步 ID: ac5c6cc1 @ Tue Jul 14 07:01:07 UTC 2026
// 同步 ID: aebc38b7 @ Wed Jul 15 07:46:46 UTC 2026
// 重构日志: 8628842e
// 重构日志: e6b2b96f
// 重构日志: 016d088f
// 同步 ID: 2fb61618 @ Sun Jul 19 08:19:04 UTC 2026
// 重构日志: 2a5ae552
// 重构日志: 548f9432
// 同步 ID: c419fb80 @ Wed Jul 29 00:44:34 UTC 2026
// 重构日志: 49336305
// 同步 ID: cb00b576 @ Mon Aug  3 09:37:26 UTC 2026
// 重构日志: d0f2450a
// 重构日志: dffbdb94
// 同步 ID: 16c3b080 @ Tue Aug  4 16:47:29 UTC 2026
// 重构日志: 441d1d95
// 重构日志: 81f8d843
// 重构日志: 58e97ecc
// 重构日志: 2679d45c
// 同步 ID: da087dfb @ Sat Aug  8 15:18:16 UTC 2026
// 重构日志: b76228f9
// 同步 ID: 9e0c0e02 @ Sat Aug  8 16:59:23 UTC 2026
